<?xml version="1.0" encoding="UTF-8" standalone="no"?>
<!DOCTYPE log SYSTEM "logger.dtd">
<log>
<record>
  <date>2023-08-18T10:36:01.591-0300</date>
  <logger>LIVIA CARVALHO PEREIRA BURITI</logger>
  <level>FINE</level>
  <message>File 121111460-LIVIA CARVALHO PEREIRA BURITI.zip was received. It was sent by LIVIA CARVALHO PEREIRA BURITI from IP 150.165.42.161 at 18-08-2023 10*36*01</message>
</record>
</log>
<?xml version="1.0" encoding="UTF-8" standalone="no"?>
<!DOCTYPE log SYSTEM "logger.dtd">
<log>
<record>
  <date>2023-08-24T21:27:46.782-0300</date>
  <logger>LIVIA CARVALHO PEREIRA BURITI</logger>
  <level>FINE</level>
  <message>File 121111460-LIVIA CARVALHO PEREIRA BURITI.zip was received. It was sent by LIVIA CARVALHO PEREIRA BURITI from IP 192.168.1.106 at 24-08-2023 21*27*46</message>
</record>
</log>
<?xml version="1.0" encoding="UTF-8" standalone="no"?>
<!DOCTYPE log SYSTEM "logger.dtd">
<log>
<record>
  <date>2023-08-24T21:29:08.765-0300</date>
  <logger>LIVIA CARVALHO PEREIRA BURITI</logger>
  <level>FINE</level>
  <message>File 121111460-LIVIA CARVALHO PEREIRA BURITI.zip was received. It was sent by LIVIA CARVALHO PEREIRA BURITI from IP 192.168.1.106 at 24-08-2023 21*29*08</message>
</record>
