<?xml version="1.0" encoding="UTF-8" standalone="no"?>
<!DOCTYPE log SYSTEM "logger.dtd">
<log>
<record>
  <date>2023-08-11T10:15:48.418-0300</date>
  <logger>LIVIA CARVALHO PEREIRA BURITI</logger>
  <level>FINE</level>
  <message>File 121111460-LIVIA CARVALHO PEREIRA BURITI.zip was received. It was sent by LIVIA CARVALHO PEREIRA BURITI from IP 150.165.42.158 at 11-08-2023 10*15*48</message>
</record>
</log>
<?xml version="1.0" encoding="UTF-8" standalone="no"?>
<!DOCTYPE log SYSTEM "logger.dtd">
<log>
<record>
  <date>2023-08-15T22:05:28.810-0300</date>
  <logger>LIVIA CARVALHO PEREIRA BURITI</logger>
  <level>FINE</level>
  <message>File 121111460-LIVIA CARVALHO PEREIRA BURITI.zip was received. It was sent by LIVIA CARVALHO PEREIRA BURITI from IP 192.168.1.107 at 15-08-2023 22*05*28</message>
</record>
</log>
<?xml version="1.0" encoding="UTF-8" standalone="no"?>
<!DOCTYPE log SYSTEM "logger.dtd">
<log>
<record>
  <date>2023-08-15T22:24:24.994-0300</date>
  <logger>LIVIA CARVALHO PEREIRA BURITI</logger>
  <level>FINE</level>
  <message>File 121111460-LIVIA CARVALHO PEREIRA BURITI.zip was received. It was sent by LIVIA CARVALHO PEREIRA BURITI from IP 192.168.1.107 at 15-08-2023 22*24*24</message>
</record>
</log>
<?xml version="1.0" encoding="UTF-8" standalone="no"?>
<!DOCTYPE log SYSTEM "logger.dtd">
<log>
<record>
  <date>2023-08-16T09:26:56.787-0300</date>
  <logger>LIVIA CARVALHO PEREIRA BURITI</logger>
  <level>FINE</level>
  <message>File 121111460-LIVIA CARVALHO PEREIRA BURITI.zip was received. It was sent by LIVIA CARVALHO PEREIRA BURITI from IP 150.165.42.139 at 16-08-2023 09*26*56</message>
</record>
