<?xml version="1.0" encoding="UTF-8" standalone="no"?>
<!DOCTYPE log SYSTEM "logger.dtd">
<log>
<record>
  <date>2023-08-23T08:41:02.835-0300</date>
  <logger>LIVIA CARVALHO PEREIRA BURITI</logger>
  <level>FINE</level>
  <message>File 121111460-LIVIA CARVALHO PEREIRA BURITI.zip was received. It was sent by LIVIA CARVALHO PEREIRA BURITI from IP 150.165.42.131 at 23-08-2023 08*41*02</message>
</record>
</log>
<?xml version="1.0" encoding="UTF-8" standalone="no"?>
<!DOCTYPE log SYSTEM "logger.dtd">
<log>
<record>
  <date>2023-08-23T09:01:56.204-0300</date>
  <logger>LIVIA CARVALHO PEREIRA BURITI</logger>
  <level>FINE</level>
  <message>File 121111460-LIVIA CARVALHO PEREIRA BURITI.zip was received. It was sent by LIVIA CARVALHO PEREIRA BURITI from IP 150.165.42.131 at 23-08-2023 09*01*56</message>
</record>
</log>
<?xml version="1.0" encoding="UTF-8" standalone="no"?>
<!DOCTYPE log SYSTEM "logger.dtd">
<log>
<record>
  <date>2023-08-23T09:10:11.762-0300</date>
  <logger>LIVIA CARVALHO PEREIRA BURITI</logger>
  <level>FINE</level>
  <message>File 121111460-LIVIA CARVALHO PEREIRA BURITI.zip was received. It was sent by LIVIA CARVALHO PEREIRA BURITI from IP 150.165.42.131 at 23-08-2023 09*10*11</message>
</record>
</log>
<?xml version="1.0" encoding="UTF-8" standalone="no"?>
<!DOCTYPE log SYSTEM "logger.dtd">
<log>
<record>
  <date>2023-08-23T09:14:43.805-0300</date>
  <logger>LIVIA CARVALHO PEREIRA BURITI</logger>
  <level>FINE</level>
  <message>File 121111460-LIVIA CARVALHO PEREIRA BURITI.zip was received. It was sent by LIVIA CARVALHO PEREIRA BURITI from IP 150.165.42.131 at 23-08-2023 09*14*43</message>
</record>
